// Vitest Snapshot v1, https://vitest.dev/guide/snapshot.html

exports[`Test EmptyState Component > Should match the snapshot 1`] = `
{
  "asFragment": [Function],
  "baseElement": <body>
    <div>
      <div
        class="MuiStack-root css-1ey9qb3-MuiStack-root"
      >
        <svg
          aria-hidden="true"
          class="MuiSvgIcon-root MuiSvgIcon-fontSizeMedium css-i4bv87-MuiSvgIcon-root"
          focusable="false"
          viewBox="0 0 24 24"
        >
          <path
            d="M16.0431 12L16.8516 11.1916C17.9653 10.0778 17.9653 8.26221 16.8516 7.14845C15.7378 6.03469 13.9222 6.03469 12.8084 7.14845L12 7.95689L11.1916 7.14845C10.0778 6.03469 8.26221 6.03469 7.14845 7.14845C6.03469 8.26221 6.03469 10.0778 7.14845 11.1916L7.95689 12L7.14845 12.8084C6.03469 13.9222 6.03469 15.7378 7.14845 16.8516L8.64 15.36L7.14845 16.8516C7.71488 17.418 8.45074 17.6894 9.17 17.6894C9.88926 17.6894 10.6251 17.418 11.1916 16.8516L10.1316 15.7916L11.1916 16.8516L12 16.0431L12.8084 16.8516C13.3749 17.418 14.1107 17.6894 14.83 17.6894C15.5493 17.6894 16.2851 17.418 16.8516 16.8516L15.36 15.36L16.8516 16.8516C17.9653 15.7378 17.9653 13.9222 16.8516 12.8084L16.0431 12ZM4.10938 12C4.10938 7.65498 7.65498 4.10938 12 4.10938C16.345 4.10938 19.8906 7.65498 19.8906 12C19.8906 16.345 16.345 19.8906 12 19.8906C7.65498 19.8906 4.10938 16.345 4.10938 12Z"
            fill="currentColor"
            stroke="currentColor"
            stroke-width="4.21875"
          />
        </svg>
        <p
          class="MuiTypography-root MuiTypography-body2 css-r40f8v-MuiTypography-root"
        >
          Non sono presenti veicoli registrati
        </p>
      </div>
    </div>
  </body>,
  "container": <div>
    <div
      class="MuiStack-root css-1ey9qb3-MuiStack-root"
    >
      <svg
        aria-hidden="true"
        class="MuiSvgIcon-root MuiSvgIcon-fontSizeMedium css-i4bv87-MuiSvgIcon-root"
        focusable="false"
        viewBox="0 0 24 24"
      >
        <path
          d="M16.0431 12L16.8516 11.1916C17.9653 10.0778 17.9653 8.26221 16.8516 7.14845C15.7378 6.03469 13.9222 6.03469 12.8084 7.14845L12 7.95689L11.1916 7.14845C10.0778 6.03469 8.26221 6.03469 7.14845 7.14845C6.03469 8.26221 6.03469 10.0778 7.14845 11.1916L7.95689 12L7.14845 12.8084C6.03469 13.9222 6.03469 15.7378 7.14845 16.8516L8.64 15.36L7.14845 16.8516C7.71488 17.418 8.45074 17.6894 9.17 17.6894C9.88926 17.6894 10.6251 17.418 11.1916 16.8516L10.1316 15.7916L11.1916 16.8516L12 16.0431L12.8084 16.8516C13.3749 17.418 14.1107 17.6894 14.83 17.6894C15.5493 17.6894 16.2851 17.418 16.8516 16.8516L15.36 15.36L16.8516 16.8516C17.9653 15.7378 17.9653 13.9222 16.8516 12.8084L16.0431 12ZM4.10938 12C4.10938 7.65498 7.65498 4.10938 12 4.10938C16.345 4.10938 19.8906 7.65498 19.8906 12C19.8906 16.345 16.345 19.8906 12 19.8906C7.65498 19.8906 4.10938 16.345 4.10938 12Z"
          fill="currentColor"
          stroke="currentColor"
          stroke-width="4.21875"
        />
      </svg>
      <p
        class="MuiTypography-root MuiTypography-body2 css-r40f8v-MuiTypography-root"
      >
        Non sono presenti veicoli registrati
      </p>
    </div>
  </div>,
  "debug": [Function],
  "findAllByAltText": [Function],
  "findAllByDisplayValue": [Function],
  "findAllByLabelText": [Function],
  "findAllByPlaceholderText": [Function],
  "findAllByRole": [Function],
  "findAllByTestId": [Function],
  "findAllByText": [Function],
  "findAllByTitle": [Function],
  "findByAltText": [Function],
  "findByDisplayValue": [Function],
  "findByLabelText": [Function],
  "findByPlaceholderText": [Function],
  "findByRole": [Function],
  "findByTestId": [Function],
  "findByText": [Function],
  "findByTitle": [Function],
  "getAllByAltText": [Function],
  "getAllByDisplayValue": [Function],
  "getAllByLabelText": [Function],
  "getAllByPlaceholderText": [Function],
  "getAllByRole": [Function],
  "getAllByTestId": [Function],
  "getAllByText": [Function],
  "getAllByTitle": [Function],
  "getByAltText": [Function],
  "getByDisplayValue": [Function],
  "getByLabelText": [Function],
  "getByPlaceholderText": [Function],
  "getByRole": [Function],
  "getByTestId": [Function],
  "getByText": [Function],
  "getByTitle": [Function],
  "queryAllByAltText": [Function],
  "queryAllByDisplayValue": [Function],
  "queryAllByLabelText": [Function],
  "queryAllByPlaceholderText": [Function],
  "queryAllByRole": [Function],
  "queryAllByTestId": [Function],
  "queryAllByText": [Function],
  "queryAllByTitle": [Function],
  "queryByAltText": [Function],
  "queryByDisplayValue": [Function],
  "queryByLabelText": [Function],
  "queryByPlaceholderText": [Function],
  "queryByRole": [Function],
  "queryByTestId": [Function],
  "queryByText": [Function],
  "queryByTitle": [Function],
  "rerender": [Function],
  "unmount": [Function],
}
`;
